package test.meta;

//CHECKSTYLE:OFF
import com.github.monzou.grinder.annotation.processor.TradeBean;

/**
 * TradeBeanMeta
 */
public class TradeBeanMeta {

    /** tradeNo */
    public static final com.github.monzou.grinder.BeanProperty<TradeBean, java.lang.String> tradeNo = new com.github.monzou.grinder.BeanProperty<TradeBean, java.lang.String>() {

        /** {@inheritDoc} */
        @Override
        public java.lang.String getName() {
            return "tradeNo";
        }

        /** {@inheritDoc} */
        @Override
        public java.lang.String apply(TradeBean bean) {
            return bean.getTradeNo();
        }

        /** {@inheritDoc} */
        @Override
        public TradeBean apply(TradeBean bean, java.lang.String tradeNo) {
            bean.setTradeNo(tradeNo);
            return bean;
        }

    };

    /** status */
    public static final com.github.monzou.grinder.BeanProperty<TradeBean, com.github.monzou.grinder.annotation.processor.TradeBean.Status> status = new com.github.monzou.grinder.BeanProperty<TradeBean, com.github.monzou.grinder.annotation.processor.TradeBean.Status>() {

        /** {@inheritDoc} */
        @Override
        public java.lang.String getName() {
            return "status";
        }

        /** {@inheritDoc} */
        @Override
        public com.github.monzou.grinder.annotation.processor.TradeBean.Status apply(TradeBean bean) {
            return bean.getStatus();
        }

        /** {@inheritDoc} */
        @Override
        public TradeBean apply(TradeBean bean, com.github.monzou.grinder.annotation.processor.TradeBean.Status status) {
            bean.setStatus(status);
            return bean;
        }

    };

    /** version */
    public static final com.github.monzou.grinder.BeanProperty<TradeBean, java.lang.Long> version = new com.github.monzou.grinder.BeanProperty<TradeBean, java.lang.Long>() {

        /** {@inheritDoc} */
        @Override
        public java.lang.String getName() {
            return "version";
        }

        /** {@inheritDoc} */
        @Override
        public java.lang.Long apply(TradeBean bean) {
            return bean.getVersion();
        }

        /** {@inheritDoc} */
        @Override
        public TradeBean apply(TradeBean bean, java.lang.Long version) {
            bean.setVersion(version);
            return bean;
        }

    };

    /** deleted */
    public static final com.github.monzou.grinder.BeanProperty<TradeBean, java.lang.Boolean> deleted = new com.github.monzou.grinder.BeanProperty<TradeBean, java.lang.Boolean>() {

        /** {@inheritDoc} */
        @Override
        public java.lang.String getName() {
            return "deleted";
        }

        /** {@inheritDoc} */
        @Override
        public java.lang.Boolean apply(TradeBean bean) {
            return bean.isDeleted();
        }

        /** {@inheritDoc} */
        @Override
        public TradeBean apply(TradeBean bean, java.lang.Boolean deleted) {
            bean.setDeleted(deleted);
            return bean;
        }

    };

    /** flag */
    public static final com.github.monzou.grinder.BeanProperty<TradeBean, java.lang.Boolean> flag = new com.github.monzou.grinder.BeanProperty<TradeBean, java.lang.Boolean>() {

        /** {@inheritDoc} */
        @Override
        public java.lang.String getName() {
            return "flag";
        }

        /** {@inheritDoc} */
        @Override
        public java.lang.Boolean apply(TradeBean bean) {
            return bean.getFlag();
        }

        /** {@inheritDoc} */
        @Override
        public TradeBean apply(TradeBean bean, java.lang.Boolean flag) {
            bean.setFlag(flag);
            return bean;
        }

    };

    /** tradeNoAndStatus */
    public static final com.github.monzou.grinder.BeanPropertyAccessor<TradeBean, java.lang.String> tradeNoAndStatus = new com.github.monzou.grinder.BeanPropertyAccessor<TradeBean, java.lang.String>() {

        /** {@inheritDoc} */
        @Override
        public java.lang.String getName() {
            return "tradeNoAndStatus";
        }

        /** {@inheritDoc} */
        @Override
        public java.lang.String apply(TradeBean bean) {
            return bean.getTradeNoAndStatus();
        }

    };

    /** foo */
    public static final com.github.monzou.grinder.BeanProperty<TradeBean, java.lang.String> foo = new com.github.monzou.grinder.BeanProperty<TradeBean, java.lang.String>() {

        /** {@inheritDoc} */
        @Override
        public java.lang.String getName() {
            return "foo";
        }

        /** {@inheritDoc} */
        @Override
        public java.lang.String apply(TradeBean bean) {
            return bean.getFoo();
        }

        /** {@inheritDoc} */
        @Override
        public TradeBean apply(TradeBean bean, java.lang.String foo) {
            bean.setFoo(foo);
            return bean;
        }

    };

}
